{
  "SchemaVersion": 2,
  "ArtifactName": "testdata/fixtures/fs/secrets",
  "ArtifactType": "filesystem",
  "Metadata": {
    "ImageConfig": {
      "architecture": "",
      "created": "0001-01-01T00:00:00Z",
      "os": "",
      "rootfs": {
        "type": "",
        "diff_ids": null
      },
      "config": {}
    }
  },
  "Results": [
    {
      "Target": "deploy.sh",
      "Class": "secret",
      "Secrets": [
        {
          "RuleID": "aws-access-key-id",
          "Category": "AWS",
          "Severity": "CRITICAL",
          "Title": "AWS Access Key ID",
          "StartLine": 3,
          "EndLine": 3,
          "Match": "export AWS_ACCESS_KEY_ID=*****"
        },
        {
          "RuleID": "mysecret",
          "Category": "Custom",
          "Severity": "HIGH",
          "Title": "My Secret",
          "StartLine": 7,
          "EndLine": 7,
          "Match": "echo *****"
        }
      ]
    }
  ]
}
